#
# There is insufficient memory for the Java Runtime Environment to continue.
# Native memory allocation (malloc) failed to allocate 1064816 bytes. Error detail: Chunk::new
# Possible reasons:
#   The system is out of physical RAM or swap space
#   This process is running with CompressedOops enabled, and the Java Heap may be blocking the growth of the native heap
# Possible solutions:
#   Reduce memory load on the system
#   Increase physical memory or swap space
#   Check if swap backing store is full
#   Decrease Java heap size (-Xmx/-Xms)
#   Decrease number of Java threads
#   Decrease Java thread stack sizes (-Xss)
#   Set larger code cache with -XX:ReservedCodeCacheSize=
#   JVM is running with Unscaled Compressed Oops mode in which the Java heap is
#     placed in the first 4GB address space. The Java Heap base address is the
#     maximum limit for the native heap growth. Please use -XX:HeapBaseMinAddress
#     to set the Java Heap base and to place the Java Heap above 4GB virtual address.
# This output file may be truncated or incomplete.
#
#  Out of Memory Error (arena.cpp:168), pid=16212, tid=22860
#
# JRE version: OpenJDK Runtime Environment Temurin-21.0.10+7 (21.0.10+7) (build 21.0.10+7-LTS)
# Java VM: OpenJDK 64-Bit Server VM Temurin-21.0.10+7 (21.0.10+7-LTS, mixed mode, sharing, tiered, compressed oops, compressed class ptrs, parallel gc, windows-amd64)
# No core dump will be written. Minidumps are not enabled by default on client versions of Windows
#

---------------  S U M M A R Y ------------

Command Line: --add-modules=ALL-SYSTEM --add-opens=java.base/java.util=ALL-UNNAMED --add-opens=java.base/java.lang=ALL-UNNAMED --add-opens=java.base/sun.nio.fs=ALL-UNNAMED -Declipse.application=org.eclipse.jdt.ls.core.id1 -Dosgi.bundles.defaultStartLevel=4 -Declipse.product=org.eclipse.jdt.ls.core.product -Djava.import.generatesMetadataFilesAtProjectRoot=false -DDetectVMInstallationsJob.disabled=true -Dfile.encoding=utf8 -XX:+UseParallelGC -XX:GCTimeRatio=4 -XX:AdaptiveSizePolicyWeight=90 -Dsun.zip.disableMemoryMapping=true -Xmx2G -Xms100m -Xlog:disable -javaagent:c:\Users\acer\.vscode\extensions\redhat.java-1.54.0-win32-x64\lombok\lombok-1.18.39-4050.jar -XX:+HeapDumpOnOutOfMemoryError -XX:HeapDumpPath=c:\Users\acer\AppData\Roaming\Code\User\workspaceStorage\d1e1dfd78d1a576ef8a89ceae264be27\redhat.java -Daether.dependencyCollector.impl=bf c:\Users\acer\.vscode\extensions\redhat.java-1.54.0-win32-x64\server\plugins\org.eclipse.equinox.launcher_1.7.100.v20251111-0406.jar -configuration c:\Users\acer\AppData\Roaming\Code\User\globalStorage\redhat.java\1.54.0\config_win -data c:\Users\acer\AppData\Roaming\Code\User\workspaceStorage\d1e1dfd78d1a576ef8a89ceae264be27\redhat.java\jdt_ws --pipe=\\.\pipe\lsp-b2bd7bd379da8cef25c64c984796eeef-sock

Host: 11th Gen Intel(R) Core(TM) i5-11400H @ 2.70GHz, 12 cores, 15G,  Windows 11 , 64 bit Build 26100 (10.0.26100.8328)
Time: Wed May  6 13:14:28 2026 SE Asia Standard Time elapsed time: 35.625348 seconds (0d 0h 0m 35s)

---------------  T H R E A D  ---------------

Current thread (0x000001e14b7d1850):  JavaThread "C2 CompilerThread1" daemon [_thread_in_native, id=22860, stack(0x000000967d000000,0x000000967d100000) (1024K)]


Current CompileTask:
C2:35625 14024       4       org.eclipse.jdt.internal.compiler.parser.Scanner::internalScanIdentifierOrKeyword (5041 bytes)

Stack: [0x000000967d000000,0x000000967d100000]
Native frames: (J=compiled Java code, j=interpreted, Vv=VM code, C=native code)
V  [jvm.dll+0x6d7a39]
V  [jvm.dll+0x8b4b26]
V  [jvm.dll+0x8b70de]
V  [jvm.dll+0x8b77c3]
V  [jvm.dll+0x284346]
V  [jvm.dll+0xc66ed]
V  [jvm.dll+0xc6c31]
V  [jvm.dll+0x3bec3b]
V  [jvm.dll+0x38b162]
V  [jvm.dll+0x38a5aa]
V  [jvm.dll+0x24c560]
V  [jvm.dll+0x24bb40]
V  [jvm.dll+0x1cb34e]
V  [jvm.dll+0x25b85d]
V  [jvm.dll+0x259dea]
V  [jvm.dll+0x3f857e]
V  [jvm.dll+0x85f59d]
V  [jvm.dll+0x6d626d]
C  [ucrtbase.dll+0x37b0]
C  [KERNEL32.DLL+0x2e957]
C  [ntdll.dll+0x427c]


---------------  P R O C E S S  ---------------

Threads class SMR info:
_java_thread_list=0x000001e150afa1e0, length=55, elements={
0x000001e16d15eb20, 0x000001e146ae44b0, 0x000001e146ae5580, 0x000001e146ae8ce0,
0x000001e146aebc50, 0x000001e146aee9d0, 0x000001e146af1e40, 0x000001e146b0ed00,
0x000001e146b12990, 0x000001e146ceb280, 0x000001e146e3d140, 0x000001e14b5eba00,
0x000001e14b80f5a0, 0x000001e14b7ee780, 0x000001e14b4c0b70, 0x000001e14bf86a40,
0x000001e14b2cc550, 0x000001e14b137320, 0x000001e14bf8acc0, 0x000001e14bf8b350,
0x000001e14bf88560, 0x000001e14b7d1850, 0x000001e14bf89280, 0x000001e14bf87ed0,
0x000001e14bf89910, 0x000001e14bf89fa0, 0x000001e14bf8a630, 0x000001e14d7fefa0,
0x000001e14d7fd560, 0x000001e14d7fe280, 0x000001e14d7fdbf0, 0x000001e14d7ffcc0,
0x000001e14d7ff630, 0x000001e14d800350, 0x000001e14d7fe910, 0x000001e14d8009e0,
0x000001e14b7e6f00, 0x000001e14b7e47a0, 0x000001e14b7e54c0, 0x000001e14b7e6870,
0x000001e14b7e5b50, 0x000001e14b7e7590, 0x000001e14b7e7c20, 0x000001e14b7e61e0,
0x000001e14b7e82b0, 0x000001e14b7e4e30, 0x000001e14b7e9660, 0x000001e14b7e9cf0,
0x000001e14b7e8fd0, 0x000001e14b7eb0a0, 0x000001e14b7e8940, 0x000001e14b7eb730,
0x000001e14b7ebdc0, 0x000001e14d882c20, 0x000001e14e166a00
}

Java Threads: ( => current thread )
  0x000001e16d15eb20 JavaThread "main"                              [_thread_blocked, id=19192, stack(0x000000967af00000,0x000000967b000000) (1024K)]
  0x000001e146ae44b0 JavaThread "Reference Handler"          daemon [_thread_blocked, id=8268, stack(0x000000967b300000,0x000000967b400000) (1024K)]
  0x000001e146ae5580 JavaThread "Finalizer"                  daemon [_thread_blocked, id=24096, stack(0x000000967b400000,0x000000967b500000) (1024K)]
  0x000001e146ae8ce0 JavaThread "Signal Dispatcher"          daemon [_thread_blocked, id=20428, stack(0x000000967b500000,0x000000967b600000) (1024K)]
  0x000001e146aebc50 JavaThread "Attach Listener"            daemon [_thread_blocked, id=7552, stack(0x000000967b600000,0x000000967b700000) (1024K)]
  0x000001e146aee9d0 JavaThread "Service Thread"             daemon [_thread_blocked, id=12540, stack(0x000000967b700000,0x000000967b800000) (1024K)]
  0x000001e146af1e40 JavaThread "Monitor Deflation Thread"   daemon [_thread_blocked, id=23020, stack(0x000000967b800000,0x000000967b900000) (1024K)]
  0x000001e146b0ed00 JavaThread "C2 CompilerThread0"         daemon [_thread_in_native, id=28008, stack(0x000000967b900000,0x000000967ba00000) (1024K)]
  0x000001e146b12990 JavaThread "C1 CompilerThread0"         daemon [_thread_blocked, id=13176, stack(0x000000967ba00000,0x000000967bb00000) (1024K)]
  0x000001e146ceb280 JavaThread "Common-Cleaner"             daemon [_thread_blocked, id=18380, stack(0x000000967bb00000,0x000000967bc00000) (1024K)]
  0x000001e146e3d140 JavaThread "Notification Thread"        daemon [_thread_blocked, id=29000, stack(0x000000967bd00000,0x000000967be00000) (1024K)]
  0x000001e14b5eba00 JavaThread "Active Thread: Equinox Container: 5618c0b0-7d6d-4c85-ba15-2304a5642043"        [_thread_blocked, id=7356, stack(0x000000967c500000,0x000000967c600000) (1024K)]
  0x000001e14b80f5a0 JavaThread "Refresh Thread: Equinox Container: 5618c0b0-7d6d-4c85-ba15-2304a5642043" daemon [_thread_blocked, id=6152, stack(0x000000967be00000,0x000000967bf00000) (1024K)]
  0x000001e14b7ee780 JavaThread "Framework Event Dispatcher: Equinox Container: 5618c0b0-7d6d-4c85-ba15-2304a5642043" daemon [_thread_blocked, id=26996, stack(0x000000967c600000,0x000000967c700000) (1024K)]
  0x000001e14b4c0b70 JavaThread "Start Level: Equinox Container: 5618c0b0-7d6d-4c85-ba15-2304a5642043" daemon [_thread_blocked, id=15908, stack(0x000000967c700000,0x000000967c800000) (1024K)]
  0x000001e14bf86a40 JavaThread "Bundle File Closer"         daemon [_thread_blocked, id=4336, stack(0x000000967cb00000,0x000000967cc00000) (1024K)]
  0x000001e14b2cc550 JavaThread "SCR Component Actor"        daemon [_thread_blocked, id=2368, stack(0x000000967c800000,0x000000967c900000) (1024K)]
  0x000001e14b137320 JavaThread "Worker-JM"                         [_thread_blocked, id=23160, stack(0x000000967ce00000,0x000000967cf00000) (1024K)]
  0x000001e14bf8acc0 JavaThread "JNA Cleaner"                daemon [_thread_blocked, id=18824, stack(0x000000967cc00000,0x000000967cd00000) (1024K)]
  0x000001e14bf8b350 JavaThread "Worker-0"                          [_thread_blocked, id=27364, stack(0x000000967cd00000,0x000000967ce00000) (1024K)]
  0x000001e14bf88560 JavaThread "Worker-1"                          [_thread_blocked, id=19164, stack(0x000000967cf00000,0x000000967d000000) (1024K)]
=>0x000001e14b7d1850 JavaThread "C2 CompilerThread1"         daemon [_thread_in_native, id=22860, stack(0x000000967d000000,0x000000967d100000) (1024K)]
  0x000001e14bf89280 JavaThread "Java indexing"              daemon [_thread_blocked, id=19740, stack(0x000000967d200000,0x000000967d300000) (1024K)]
  0x000001e14bf87ed0 JavaThread "Worker-2"                          [_thread_blocked, id=22396, stack(0x000000967d500000,0x000000967d600000) (1024K)]
  0x000001e14bf89910 JavaThread "Worker-3: Initialize workspace"        [_thread_in_native, id=16672, stack(0x000000967d600000,0x000000967d700000) (1024K)]
  0x000001e14bf89fa0 JavaThread "Worker-4"                          [_thread_blocked, id=23968, stack(0x000000967d700000,0x000000967d800000) (1024K)]
  0x000001e14bf8a630 JavaThread "Thread-1"                   daemon [_thread_in_native, id=12460, stack(0x000000967d800000,0x000000967d900000) (1024K)]
  0x000001e14d7fefa0 JavaThread "Thread-2"                   daemon [_thread_in_native, id=13516, stack(0x000000967d900000,0x000000967da00000) (1024K)]
  0x000001e14d7fd560 JavaThread "Thread-3"                   daemon [_thread_in_native, id=21516, stack(0x000000967da00000,0x000000967db00000) (1024K)]
  0x000001e14d7fe280 JavaThread "Thread-4"                   daemon [_thread_in_native, id=3628, stack(0x000000967db00000,0x000000967dc00000) (1024K)]
  0x000001e14d7fdbf0 JavaThread "Thread-5"                   daemon [_thread_in_native, id=14148, stack(0x000000967dc00000,0x000000967dd00000) (1024K)]
  0x000001e14d7ffcc0 JavaThread "Thread-6"                   daemon [_thread_in_native, id=29552, stack(0x000000967dd00000,0x000000967de00000) (1024K)]
  0x000001e14d7ff630 JavaThread "Thread-7"                   daemon [_thread_in_native, id=13444, stack(0x000000967de00000,0x000000967df00000) (1024K)]
  0x000001e14d800350 JavaThread "Thread-8"                   daemon [_thread_in_native, id=9976, stack(0x000000967df00000,0x000000967e000000) (1024K)]
  0x000001e14d7fe910 JavaThread "Thread-9"                   daemon [_thread_in_native, id=25140, stack(0x000000967e000000,0x000000967e100000) (1024K)]
  0x000001e14d8009e0 JavaThread "Thread-10"                  daemon [_thread_in_native, id=24556, stack(0x000000967e100000,0x000000967e200000) (1024K)]
  0x000001e14b7e6f00 JavaThread "Thread-11"                  daemon [_thread_in_native, id=25880, stack(0x000000967e200000,0x000000967e300000) (1024K)]
  0x000001e14b7e47a0 JavaThread "Thread-12"                  daemon [_thread_in_native, id=17344, stack(0x000000967e300000,0x000000967e400000) (1024K)]
  0x000001e14b7e54c0 JavaThread "Thread-13"                  daemon [_thread_in_native, id=25876, stack(0x000000967e400000,0x000000967e500000) (1024K)]
  0x000001e14b7e6870 JavaThread "pool-2-thread-1"                   [_thread_blocked, id=12084, stack(0x000000967e500000,0x000000967e600000) (1024K)]
  0x000001e14b7e5b50 JavaThread "WorkspaceEventsHandler"            [_thread_blocked, id=28608, stack(0x000000967e600000,0x000000967e700000) (1024K)]
  0x000001e14b7e7590 JavaThread "pool-1-thread-1"                   [_thread_blocked, id=3672, stack(0x000000967e700000,0x000000967e800000) (1024K)]
  0x000001e14b7e7c20 JavaThread "ForkJoinPool.commonPool-worker-1" daemon [_thread_in_native, id=25708, stack(0x000000967e800000,0x000000967e900000) (1024K)]
  0x000001e14b7e61e0 JavaThread "ForkJoinPool.commonPool-worker-2" daemon [_thread_blocked, id=27416, stack(0x000000967e900000,0x000000967ea00000) (1024K)]
  0x000001e14b7e82b0 JavaThread "ForkJoinPool.commonPool-worker-3" daemon [_thread_blocked, id=27504, stack(0x000000967ea00000,0x000000967eb00000) (1024K)]
  0x000001e14b7e4e30 JavaThread "ForkJoinPool.commonPool-worker-4" daemon [_thread_blocked, id=9128, stack(0x000000967eb00000,0x000000967ec00000) (1024K)]
  0x000001e14b7e9660 JavaThread "ForkJoinPool.commonPool-worker-5" daemon [_thread_blocked, id=27216, stack(0x000000967ec00000,0x000000967ed00000) (1024K)]
  0x000001e14b7e9cf0 JavaThread "ForkJoinPool.commonPool-worker-6" daemon [_thread_blocked, id=21908, stack(0x000000967ed00000,0x000000967ee00000) (1024K)]
  0x000001e14b7e8fd0 JavaThread "ForkJoinPool.commonPool-worker-7" daemon [_thread_blocked, id=17536, stack(0x000000967ee00000,0x000000967ef00000) (1024K)]
  0x000001e14b7eb0a0 JavaThread "ForkJoinPool.commonPool-worker-8" daemon [_thread_blocked, id=6304, stack(0x000000967ef00000,0x000000967f000000) (1024K)]
  0x000001e14b7e8940 JavaThread "ForkJoinPool.commonPool-worker-9" daemon [_thread_blocked, id=28372, stack(0x000000967f000000,0x000000967f100000) (1024K)]
  0x000001e14b7eb730 JavaThread "ForkJoinPool.commonPool-worker-10" daemon [_thread_blocked, id=2120, stack(0x000000967f100000,0x000000967f200000) (1024K)]
  0x000001e14b7ebdc0 JavaThread "ForkJoinPool.commonPool-worker-11" daemon [_thread_blocked, id=29404, stack(0x000000967f200000,0x000000967f300000) (1024K)]
  0x000001e14d882c20 JavaThread "C2 CompilerThread2"         daemon [_thread_in_native, id=26404, stack(0x000000967d100000,0x000000967d200000) (1024K)]
  0x000001e14e166a00 JavaThread "Cleaner-0"                  daemon [_thread_blocked, id=21104, stack(0x000000967f300000,0x000000967f400000) (1024K)]
Total: 55

Other Threads:
  0x000001e16d0f5640 VMThread "VM Thread"                           [id=2480, stack(0x000000967b200000,0x000000967b300000) (1024K)]
  0x000001e16d1cc8a0 WatcherThread "VM Periodic Task Thread"        [id=27344, stack(0x000000967b100000,0x000000967b200000) (1024K)]
  0x000001e16d17d340 WorkerThread "GC Thread#0"                     [id=16428, stack(0x000000967b000000,0x000000967b100000) (1024K)]
  0x000001e14b05e820 WorkerThread "GC Thread#1"                     [id=17112, stack(0x000000967bf00000,0x000000967c000000) (1024K)]
  0x000001e14b05ebd0 WorkerThread "GC Thread#2"                     [id=18732, stack(0x000000967c000000,0x000000967c100000) (1024K)]
  0x000001e14b2da520 WorkerThread "GC Thread#3"                     [id=18924, stack(0x000000967c100000,0x000000967c200000) (1024K)]
  0x000001e14b2da8d0 WorkerThread "GC Thread#4"                     [id=28904, stack(0x000000967c200000,0x000000967c300000) (1024K)]
  0x000001e14b2dac80 WorkerThread "GC Thread#5"                     [id=25824, stack(0x000000967c300000,0x000000967c400000) (1024K)]
  0x000001e14b5219f0 WorkerThread "GC Thread#6"                     [id=12492, stack(0x000000967c400000,0x000000967c500000) (1024K)]
  0x000001e146b13d60 WorkerThread "GC Thread#7"                     [id=9276, stack(0x000000967bc00000,0x000000967bd00000) (1024K)]
  0x000001e14b28a960 WorkerThread "GC Thread#8"                     [id=28300, stack(0x000000967c900000,0x000000967ca00000) (1024K)]
  0x000001e14b28ad10 WorkerThread "GC Thread#9"                     [id=14964, stack(0x000000967ca00000,0x000000967cb00000) (1024K)]
Total: 12

Threads with active compile tasks:
C2 CompilerThread0  35647 13892   !   4       org.eclipse.jdt.internal.compiler.classfmt.ClassFileReader::<init> (1968 bytes)
C2 CompilerThread1  35647 14024       4       org.eclipse.jdt.internal.compiler.parser.Scanner::internalScanIdentifierOrKeyword (5041 bytes)
C2 CompilerThread2  35647 14045 % !   4       org.eclipse.jdt.internal.compiler.parser.Parser::parse @ 52 (950 bytes)
Total: 3

VM state: not at safepoint (normal execution)

VM Mutex/Monitor currently owned by a thread: None

Heap address: 0x0000000080000000, size: 2048 MB, Compressed Oops mode: 32-bit

CDS archive(s) mapped at: [0x000001e104000000-0x000001e104ba0000-0x000001e104ba0000), size 12189696, SharedBaseAddress: 0x000001e104000000, ArchiveRelocationMode: 1.
Compressed class space mapped at: 0x000001e105000000-0x000001e145000000, reserved size: 1073741824
Narrow klass base: 0x000001e104000000, Narrow klass shift: 0, Narrow klass range: 0x100000000

GC Precious Log:
 CardTable entry size: 512
 CPUs: 12 total, 12 available
 Memory: 16163M
 Large Page Support: Disabled
 NUMA Support: Disabled
 Compressed Oops: Enabled (32-bit)
 Alignments: Space 512K, Generation 512K, Heap 2M
 Heap Min Capacity: 100M
 Heap Initial Capacity: 100M
 Heap Max Capacity: 2G
 Pre-touch: Disabled
 Parallel Workers: 10

Heap:
 PSYoungGen      total 7680K, used 7546K [0x00000000d5580000, 0x00000000d5e00000, 0x0000000100000000)
  eden space 7168K, 100% used [0x00000000d5580000,0x00000000d5c80000,0x00000000d5c80000)
  from space 512K, 73% used [0x00000000d5d80000,0x00000000d5dde900,0x00000000d5e00000)
  to   space 512K, 0% used [0x00000000d5d00000,0x00000000d5d00000,0x00000000d5d80000)
 ParOldGen       total 180224K, used 179903K [0x0000000080000000, 0x000000008b000000, 0x00000000d5580000)
  object space 180224K, 99% used [0x0000000080000000,0x000000008afafd10,0x000000008b000000)
 Metaspace       used 68941K, committed 70464K, reserved 1114112K
  class space    used 7115K, committed 7808K, reserved 1048576K

Card table byte_map: [0x000001e16cb00000,0x000001e16cf10000] _byte_map_base: 0x000001e16c700000

Marking Bits: (ParMarkBitMap*) 0x00007ff8aee23450
 Begin Bits: [0x000001e100000000, 0x000001e102000000)
 End Bits:   [0x000001e102000000, 0x000001e104000000)

Polling page: 0x000001e16af10000

Metaspace:

Usage:
  Non-class:     60.38 MB used.
      Class:      6.95 MB used.
       Both:     67.33 MB used.

Virtual space:
  Non-class space:       64.00 MB reserved,      61.19 MB ( 96%) committed,  1 nodes.
      Class space:        1.00 GB reserved,       7.62 MB ( <1%) committed,  1 nodes.
             Both:        1.06 GB reserved,      68.81 MB (  6%) committed. 

Chunk freelists:
   Non-Class:  2.19 MB
       Class:  8.32 MB
        Both:  10.51 MB

MaxMetaspaceSize: unlimited
CompressedClassSpaceSize: 1.00 GB
Initial GC threshold: 21.00 MB
Current GC threshold: 97.31 MB
CDS: on
 - commit_granule_bytes: 65536.
 - commit_granule_words: 8192.
 - virtual_space_node_default_size: 8388608.
 - enlarge_chunks_in_place: 1.
 - use_allocation_guard: 0.


Internal statistics:

num_allocs_failed_limit: 9.
num_arena_births: 1298.
num_arena_deaths: 14.
num_vsnodes_births: 2.
num_vsnodes_deaths: 0.
num_space_committed: 1101.
num_space_uncommitted: 0.
num_chunks_returned_to_freelist: 23.
num_chunks_taken_from_freelist: 4691.
num_chunk_merges: 11.
num_chunk_splits: 2823.
num_chunks_enlarged: 1547.
num_inconsistent_stats: 0.

CodeHeap 'non-profiled nmethods': size=120000Kb used=9004Kb max_used=9004Kb free=110995Kb
 bounds [0x000001e177e30000, 0x000001e178700000, 0x000001e17f360000]
CodeHeap 'profiled nmethods': size=120000Kb used=30679Kb max_used=30679Kb free=89320Kb
 bounds [0x000001e170360000, 0x000001e172160000, 0x000001e177890000]
CodeHeap 'non-nmethods': size=5760Kb used=1456Kb max_used=1522Kb free=4303Kb
 bounds [0x000001e177890000, 0x000001e177b00000, 0x000001e177e30000]
CodeCache: size=245760Kb, used=41139Kb, max_used=41205Kb, free=204618Kb
 total_blobs=13980, nmethods=13220, adapters=663, full_count=0
Compilation: enabled, stopped_count=0, restarted_count=0

Compilation events (20 events):
Event: 34.603 Thread 0x000001e146b12990 nmethod 14052 0x000001e172147990 code [0x000001e172147b60, 0x000001e172147ed0]
Event: 34.609 Thread 0x000001e146b12990 14055       2       java.lang.invoke.LambdaForm$MH/0x000001e105782400::invoke (45 bytes)
Event: 34.609 Thread 0x000001e14d882c20 nmethod 14027% 0x000001e1786f7f90 code [0x000001e1786f8260, 0x000001e1786f97c8]
Event: 34.609 Thread 0x000001e14d882c20 14053       4       org.eclipse.jdt.internal.compiler.lookup.TypeSystem$HashedParameterizedTypes$PTBKey::hashCode (96 bytes)
Event: 34.610 Thread 0x000001e146b12990 nmethod 14055 0x000001e172148010 code [0x000001e1721481e0, 0x000001e1721484d8]
Event: 34.611 Thread 0x000001e146b12990 14056       2       org.eclipse.jdt.internal.core.SourceType::equals (27 bytes)
Event: 34.611 Thread 0x000001e146b12990 nmethod 14056 0x000001e172148710 code [0x000001e1721488e0, 0x000001e172148b38]
Event: 34.611 Thread 0x000001e146b12990 14057   !   2       org.eclipse.core.internal.localstore.FileSystemResourceManager::getStore (32 bytes)
Event: 34.612 Thread 0x000001e146b12990 nmethod 14057 0x000001e172148c10 code [0x000001e172148e20, 0x000001e172149198]
Event: 34.618 Thread 0x000001e146b12990 14058       2       lombok.eclipse.EclipseAST::packageDeclaration (21 bytes)
Event: 34.618 Thread 0x000001e146b12990 nmethod 14058 0x000001e172149490 code [0x000001e172149640, 0x000001e172149770]
Event: 34.618 Thread 0x000001e146b12990 14059       2       lombok.eclipse.EclipseImportList::<init> (21 bytes)
Event: 34.618 Thread 0x000001e146b12990 nmethod 14059 0x000001e172149890 code [0x000001e172149a20, 0x000001e172149b60]
Event: 34.619 Thread 0x000001e146b12990 14060       3       org.eclipse.jdt.internal.compiler.lookup.CompilationUnitScope$$Lambda/0x000001e1056f3188::test (12 bytes)
Event: 34.619 Thread 0x000001e146b12990 nmethod 14060 0x000001e172149c10 code [0x000001e172149dc0, 0x000001e172149ff8]
Event: 34.619 Thread 0x000001e146b12990 14061       3       org.eclipse.jdt.internal.compiler.lookup.CompilationUnitScope::lambda$1 (53 bytes)
Event: 34.619 Thread 0x000001e146b12990 nmethod 14061 0x000001e17214a110 code [0x000001e17214a2c0, 0x000001e17214a5d8]
Event: 34.619 Thread 0x000001e146b12990 14062       3       org.eclipse.jdt.internal.compiler.lookup.CompilationUnitScope$$Lambda/0x000001e1056f2f38::test (8 bytes)
Event: 34.619 Thread 0x000001e146b12990 nmethod 14062 0x000001e17214a790 code [0x000001e17214a940, 0x000001e17214ac00]
Event: 34.619 Thread 0x000001e146b12990 14063       3       org.eclipse.jdt.internal.compiler.ast.ASTNode::resolveAnnotations (1058 bytes)

GC Heap History (20 events):
Event: 34.179 GC heap before
{Heap before GC invocations=358 (full 3):
 PSYoungGen      total 8192K, used 7968K [0x00000000d5580000, 0x00000000d5f00000, 0x0000000100000000)
  eden space 7168K, 100% used [0x00000000d5580000,0x00000000d5c80000,0x00000000d5c80000)
  from space 1024K, 78% used [0x00000000d5e00000,0x00000000d5ec8020,0x00000000d5f00000)
  to   space 1024K, 0% used [0x00000000d5d00000,0x00000000d5d00000,0x00000000d5e00000)
 ParOldGen       total 174592K, used 174340K [0x0000000080000000, 0x000000008aa80000, 0x00000000d5580000)
  object space 174592K, 99% used [0x0000000080000000,0x000000008aa41088,0x000000008aa80000)
 Metaspace       used 68730K, committed 70272K, reserved 1114112K
  class space    used 7104K, committed 7808K, reserved 1048576K
}
Event: 34.180 GC heap after
{Heap after GC invocations=358 (full 3):
 PSYoungGen      total 8192K, used 1002K [0x00000000d5580000, 0x00000000d6080000, 0x0000000100000000)
  eden space 7168K, 0% used [0x00000000d5580000,0x00000000d5580000,0x00000000d5c80000)
  from space 1024K, 97% used [0x00000000d5d00000,0x00000000d5dfa910,0x00000000d5e00000)
  to   space 2048K, 0% used [0x00000000d5e80000,0x00000000d5e80000,0x00000000d6080000)
 ParOldGen       total 175104K, used 174982K [0x0000000080000000, 0x000000008ab00000, 0x00000000d5580000)
  object space 175104K, 99% used [0x0000000080000000,0x000000008aae1ad8,0x000000008ab00000)
 Metaspace       used 68730K, committed 70272K, reserved 1114112K
  class space    used 7104K, committed 7808K, reserved 1048576K
}
Event: 34.224 GC heap before
{Heap before GC invocations=359 (full 3):
 PSYoungGen      total 8192K, used 8170K [0x00000000d5580000, 0x00000000d6080000, 0x0000000100000000)
  eden space 7168K, 100% used [0x00000000d5580000,0x00000000d5c80000,0x00000000d5c80000)
  from space 1024K, 97% used [0x00000000d5d00000,0x00000000d5dfa910,0x00000000d5e00000)
  to   space 2048K, 0% used [0x00000000d5e80000,0x00000000d5e80000,0x00000000d6080000)
 ParOldGen       total 175104K, used 174982K [0x0000000080000000, 0x000000008ab00000, 0x00000000d5580000)
  object space 175104K, 99% used [0x0000000080000000,0x000000008aae1ad8,0x000000008ab00000)
 Metaspace       used 68764K, committed 70336K, reserved 1114112K
  class space    used 7106K, committed 7808K, reserved 1048576K
}
Event: 34.226 GC heap after
{Heap after GC invocations=359 (full 3):
 PSYoungGen      total 9216K, used 1610K [0x00000000d5580000, 0x00000000d6080000, 0x0000000100000000)
  eden space 7168K, 0% used [0x00000000d5580000,0x00000000d5580000,0x00000000d5c80000)
  from space 2048K, 78% used [0x00000000d5e80000,0x00000000d6012910,0x00000000d6080000)
  to   space 2048K, 0% used [0x00000000d5c80000,0x00000000d5c80000,0x00000000d5e80000)
 ParOldGen       total 176128K, used 175927K [0x0000000080000000, 0x000000008ac00000, 0x00000000d5580000)
  object space 176128K, 99% used [0x0000000080000000,0x000000008abcdf18,0x000000008ac00000)
 Metaspace       used 68764K, committed 70336K, reserved 1114112K
  class space    used 7106K, committed 7808K, reserved 1048576K
}
Event: 34.297 GC heap before
{Heap before GC invocations=360 (full 3):
 PSYoungGen      total 9216K, used 8778K [0x00000000d5580000, 0x00000000d6080000, 0x0000000100000000)
  eden space 7168K, 100% used [0x00000000d5580000,0x00000000d5c80000,0x00000000d5c80000)
  from space 2048K, 78% used [0x00000000d5e80000,0x00000000d6012910,0x00000000d6080000)
  to   space 2048K, 0% used [0x00000000d5c80000,0x00000000d5c80000,0x00000000d5e80000)
 ParOldGen       total 176128K, used 175927K [0x0000000080000000, 0x000000008ac00000, 0x00000000d5580000)
  object space 176128K, 99% used [0x0000000080000000,0x000000008abcdf18,0x000000008ac00000)
 Metaspace       used 68796K, committed 70336K, reserved 1114112K
  class space    used 7107K, committed 7808K, reserved 1048576K
}
Event: 34.299 GC heap after
{Heap after GC invocations=360 (full 3):
 PSYoungGen      total 8704K, used 1227K [0x00000000d5580000, 0x00000000d5f80000, 0x0000000100000000)
  eden space 7168K, 0% used [0x00000000d5580000,0x00000000d5580000,0x00000000d5c80000)
  from space 1536K, 79% used [0x00000000d5c80000,0x00000000d5db2cb8,0x00000000d5e00000)
  to   space 1536K, 0% used [0x00000000d5e00000,0x00000000d5e00000,0x00000000d5f80000)
 ParOldGen       total 177664K, used 177398K [0x0000000080000000, 0x000000008ad80000, 0x00000000d5580000)
  object space 177664K, 99% used [0x0000000080000000,0x000000008ad3d9f0,0x000000008ad80000)
 Metaspace       used 68796K, committed 70336K, reserved 1114112K
  class space    used 7107K, committed 7808K, reserved 1048576K
}
Event: 34.328 GC heap before
{Heap before GC invocations=361 (full 3):
 PSYoungGen      total 8704K, used 8395K [0x00000000d5580000, 0x00000000d5f80000, 0x0000000100000000)
  eden space 7168K, 100% used [0x00000000d5580000,0x00000000d5c80000,0x00000000d5c80000)
  from space 1536K, 79% used [0x00000000d5c80000,0x00000000d5db2cb8,0x00000000d5e00000)
  to   space 1536K, 0% used [0x00000000d5e00000,0x00000000d5e00000,0x00000000d5f80000)
 ParOldGen       total 177664K, used 177398K [0x0000000080000000, 0x000000008ad80000, 0x00000000d5580000)
  object space 177664K, 99% used [0x0000000080000000,0x000000008ad3d9f0,0x000000008ad80000)
 Metaspace       used 68808K, committed 70336K, reserved 1114112K
  class space    used 7107K, committed 7808K, reserved 1048576K
}
Event: 34.330 GC heap after
{Heap after GC invocations=361 (full 3):
 PSYoungGen      total 8704K, used 1066K [0x00000000d5580000, 0x00000000d5f80000, 0x0000000100000000)
  eden space 7168K, 0% used [0x00000000d5580000,0x00000000d5580000,0x00000000d5c80000)
  from space 1536K, 69% used [0x00000000d5e00000,0x00000000d5f0a910,0x00000000d5f80000)
  to   space 1536K, 0% used [0x00000000d5c80000,0x00000000d5c80000,0x00000000d5e00000)
 ParOldGen       total 178688K, used 178371K [0x0000000080000000, 0x000000008ae80000, 0x00000000d5580000)
  object space 178688K, 99% used [0x0000000080000000,0x000000008ae30d58,0x000000008ae80000)
 Metaspace       used 68808K, committed 70336K, reserved 1114112K
  class space    used 7107K, committed 7808K, reserved 1048576K
}
Event: 34.379 GC heap before
{Heap before GC invocations=362 (full 3):
 PSYoungGen      total 8704K, used 8234K [0x00000000d5580000, 0x00000000d5f80000, 0x0000000100000000)
  eden space 7168K, 100% used [0x00000000d5580000,0x00000000d5c80000,0x00000000d5c80000)
  from space 1536K, 69% used [0x00000000d5e00000,0x00000000d5f0a910,0x00000000d5f80000)
  to   space 1536K, 0% used [0x00000000d5c80000,0x00000000d5c80000,0x00000000d5e00000)
 ParOldGen       total 178688K, used 178371K [0x0000000080000000, 0x000000008ae80000, 0x00000000d5580000)
  object space 178688K, 99% used [0x0000000080000000,0x000000008ae30d58,0x000000008ae80000)
 Metaspace       used 68834K, committed 70400K, reserved 1114112K
  class space    used 7111K, committed 7808K, reserved 1048576K
}
Event: 34.380 GC heap after
{Heap after GC invocations=362 (full 3):
 PSYoungGen      total 8192K, used 548K [0x00000000d5580000, 0x00000000d5e80000, 0x0000000100000000)
  eden space 7168K, 0% used [0x00000000d5580000,0x00000000d5580000,0x00000000d5c80000)
  from space 1024K, 53% used [0x00000000d5c80000,0x00000000d5d09210,0x00000000d5d80000)
  to   space 1024K, 0% used [0x00000000d5d80000,0x00000000d5d80000,0x00000000d5e80000)
 ParOldGen       total 179200K, used 178893K [0x0000000080000000, 0x000000008af00000, 0x00000000d5580000)
  object space 179200K, 99% used [0x0000000080000000,0x000000008aeb35c8,0x000000008af00000)
 Metaspace       used 68834K, committed 70400K, reserved 1114112K
  class space    used 7111K, committed 7808K, reserved 1048576K
}
Event: 34.428 GC heap before
{Heap before GC invocations=363 (full 3):
 PSYoungGen      total 8192K, used 7716K [0x00000000d5580000, 0x00000000d5e80000, 0x0000000100000000)
  eden space 7168K, 100% used [0x00000000d5580000,0x00000000d5c80000,0x00000000d5c80000)
  from space 1024K, 53% used [0x00000000d5c80000,0x00000000d5d09210,0x00000000d5d80000)
  to   space 1024K, 0% used [0x00000000d5d80000,0x00000000d5d80000,0x00000000d5e80000)
 ParOldGen       total 179200K, used 178893K [0x0000000080000000, 0x000000008af00000, 0x00000000d5580000)
  object space 179200K, 99% used [0x0000000080000000,0x000000008aeb35c8,0x000000008af00000)
 Metaspace       used 68857K, committed 70400K, reserved 1114112K
  class space    used 7111K, committed 7808K, reserved 1048576K
}
Event: 34.429 GC heap after
{Heap after GC invocations=363 (full 3):
 PSYoungGen      total 8192K, used 468K [0x00000000d5580000, 0x00000000d5e80000, 0x0000000100000000)
  eden space 7168K, 0% used [0x00000000d5580000,0x00000000d5580000,0x00000000d5c80000)
  from space 1024K, 45% used [0x00000000d5d80000,0x00000000d5df5200,0x00000000d5e80000)
  to   space 1024K, 0% used [0x00000000d5c80000,0x00000000d5c80000,0x00000000d5d80000)
 ParOldGen       total 179200K, used 178981K [0x0000000080000000, 0x000000008af00000, 0x00000000d5580000)
  object space 179200K, 99% used [0x0000000080000000,0x000000008aec95c8,0x000000008af00000)
 Metaspace       used 68857K, committed 70400K, reserved 1114112K
  class space    used 7111K, committed 7808K, reserved 1048576K
}
Event: 34.475 GC heap before
{Heap before GC invocations=364 (full 3):
 PSYoungGen      total 8192K, used 7636K [0x00000000d5580000, 0x00000000d5e80000, 0x0000000100000000)
  eden space 7168K, 100% used [0x00000000d5580000,0x00000000d5c80000,0x00000000d5c80000)
  from space 1024K, 45% used [0x00000000d5d80000,0x00000000d5df5200,0x00000000d5e80000)
  to   space 1024K, 0% used [0x00000000d5c80000,0x00000000d5c80000,0x00000000d5d80000)
 ParOldGen       total 179200K, used 178981K [0x0000000080000000, 0x000000008af00000, 0x00000000d5580000)
  object space 179200K, 99% used [0x0000000080000000,0x000000008aec95c8,0x000000008af00000)
 Metaspace       used 68871K, committed 70400K, reserved 1114112K
  class space    used 7112K, committed 7808K, reserved 1048576K
}
Event: 34.476 GC heap after
{Heap after GC invocations=364 (full 3):
 PSYoungGen      total 8192K, used 496K [0x00000000d5580000, 0x00000000d5e00000, 0x0000000100000000)
  eden space 7168K, 0% used [0x00000000d5580000,0x00000000d5580000,0x00000000d5c80000)
  from space 1024K, 48% used [0x00000000d5c80000,0x00000000d5cfc010,0x00000000d5d80000)
  to   space 512K, 0% used [0x00000000d5d80000,0x00000000d5d80000,0x00000000d5e00000)
 ParOldGen       total 179200K, used 179157K [0x0000000080000000, 0x000000008af00000, 0x00000000d5580000)
  object space 179200K, 99% used [0x0000000080000000,0x000000008aef55c8,0x000000008af00000)
 Metaspace       used 68871K, committed 70400K, reserved 1114112K
  class space    used 7112K, committed 7808K, reserved 1048576K
}
Event: 34.513 GC heap before
{Heap before GC invocations=365 (full 3):
 PSYoungGen      total 8192K, used 7664K [0x00000000d5580000, 0x00000000d5e00000, 0x0000000100000000)
  eden space 7168K, 100% used [0x00000000d5580000,0x00000000d5c80000,0x00000000d5c80000)
  from space 1024K, 48% used [0x00000000d5c80000,0x00000000d5cfc010,0x00000000d5d80000)
  to   space 512K, 0% used [0x00000000d5d80000,0x00000000d5d80000,0x00000000d5e00000)
 ParOldGen       total 179200K, used 179157K [0x0000000080000000, 0x000000008af00000, 0x00000000d5580000)
  object space 179200K, 99% used [0x0000000080000000,0x000000008aef55c8,0x000000008af00000)
 Metaspace       used 68887K, committed 70464K, reserved 1114112K
  class space    used 7112K, committed 7808K, reserved 1048576K
}
Event: 34.514 GC heap after
{Heap after GC invocations=365 (full 3):
 PSYoungGen      total 7680K, used 500K [0x00000000d5580000, 0x00000000d5e80000, 0x0000000100000000)
  eden space 7168K, 0% used [0x00000000d5580000,0x00000000d5580000,0x00000000d5c80000)
  from space 512K, 97% used [0x00000000d5d80000,0x00000000d5dfd200,0x00000000d5e00000)
  to   space 1024K, 0% used [0x00000000d5c80000,0x00000000d5c80000,0x00000000d5d80000)
 ParOldGen       total 179712K, used 179488K [0x0000000080000000, 0x000000008af80000, 0x00000000d5580000)
  object space 179712K, 99% used [0x0000000080000000,0x000000008af481f8,0x000000008af80000)
 Metaspace       used 68887K, committed 70464K, reserved 1114112K
  class space    used 7112K, committed 7808K, reserved 1048576K
}
Event: 34.557 GC heap before
{Heap before GC invocations=366 (full 3):
 PSYoungGen      total 7680K, used 7668K [0x00000000d5580000, 0x00000000d5e80000, 0x0000000100000000)
  eden space 7168K, 100% used [0x00000000d5580000,0x00000000d5c80000,0x00000000d5c80000)
  from space 512K, 97% used [0x00000000d5d80000,0x00000000d5dfd200,0x00000000d5e00000)
  to   space 1024K, 0% used [0x00000000d5c80000,0x00000000d5c80000,0x00000000d5d80000)
 ParOldGen       total 179712K, used 179488K [0x0000000080000000, 0x000000008af80000, 0x00000000d5580000)
  object space 179712K, 99% used [0x0000000080000000,0x000000008af481f8,0x000000008af80000)
 Metaspace       used 68898K, committed 70464K, reserved 1114112K
  class space    used 7113K, committed 7808K, reserved 1048576K
}
Event: 34.558 GC heap after
{Heap after GC invocations=366 (full 3):
 PSYoungGen      total 8192K, used 372K [0x00000000d5580000, 0x00000000d5e80000, 0x0000000100000000)
  eden space 7168K, 0% used [0x00000000d5580000,0x00000000d5580000,0x00000000d5c80000)
  from space 1024K, 36% used [0x00000000d5c80000,0x00000000d5cdd200,0x00000000d5d80000)
  to   space 1024K, 0% used [0x00000000d5d80000,0x00000000d5d80000,0x00000000d5e80000)
 ParOldGen       total 180224K, used 179767K [0x0000000080000000, 0x000000008b000000, 0x00000000d5580000)
  object space 180224K, 99% used [0x0000000080000000,0x000000008af8dd10,0x000000008b000000)
 Metaspace       used 68898K, committed 70464K, reserved 1114112K
  class space    used 7113K, committed 7808K, reserved 1048576K
}
Event: 34.597 GC heap before
{Heap before GC invocations=367 (full 3):
 PSYoungGen      total 8192K, used 7540K [0x00000000d5580000, 0x00000000d5e80000, 0x0000000100000000)
  eden space 7168K, 100% used [0x00000000d5580000,0x00000000d5c80000,0x00000000d5c80000)
  from space 1024K, 36% used [0x00000000d5c80000,0x00000000d5cdd200,0x00000000d5d80000)
  to   space 1024K, 0% used [0x00000000d5d80000,0x00000000d5d80000,0x00000000d5e80000)
 ParOldGen       total 180224K, used 179767K [0x0000000080000000, 0x000000008b000000, 0x00000000d5580000)
  object space 180224K, 99% used [0x0000000080000000,0x000000008af8dd10,0x000000008b000000)
 Metaspace       used 68933K, committed 70464K, reserved 1114112K
  class space    used 7114K, committed 7808K, reserved 1048576K
}
Event: 34.598 GC heap after
{Heap after GC invocations=367 (full 3):
 PSYoungGen      total 7680K, used 378K [0x00000000d5580000, 0x00000000d5e00000, 0x0000000100000000)
  eden space 7168K, 0% used [0x00000000d5580000,0x00000000d5580000,0x00000000d5c80000)
  from space 512K, 73% used [0x00000000d5d80000,0x00000000d5dde900,0x00000000d5e00000)
  to   space 512K, 0% used [0x00000000d5d00000,0x00000000d5d00000,0x00000000d5d80000)
 ParOldGen       total 180224K, used 179903K [0x0000000080000000, 0x000000008b000000, 0x00000000d5580000)
  object space 180224K, 99% used [0x0000000080000000,0x000000008afafd10,0x000000008b000000)
 Metaspace       used 68933K, committed 70464K, reserved 1114112K
  class space    used 7114K, committed 7808K, reserved 1048576K
}

Dll operation events (10 events):
Event: 0.088 Loaded shared library c:\Users\acer\.vscode\extensions\redhat.java-1.54.0-win32-x64\jre\21.0.10-win32-x86_64\bin\java.dll
Event: 0.155 Loaded shared library c:\Users\acer\.vscode\extensions\redhat.java-1.54.0-win32-x64\jre\21.0.10-win32-x86_64\bin\zip.dll
Event: 0.179 Loaded shared library C:\Users\acer\.vscode\extensions\redhat.java-1.54.0-win32-x64\jre\21.0.10-win32-x86_64\bin\instrument.dll
Event: 0.247 Loaded shared library C:\Users\acer\.vscode\extensions\redhat.java-1.54.0-win32-x64\jre\21.0.10-win32-x86_64\bin\net.dll
Event: 0.299 Loaded shared library C:\Users\acer\.vscode\extensions\redhat.java-1.54.0-win32-x64\jre\21.0.10-win32-x86_64\bin\nio.dll
Event: 0.302 Loaded shared library C:\Users\acer\.vscode\extensions\redhat.java-1.54.0-win32-x64\jre\21.0.10-win32-x86_64\bin\zip.dll
Event: 0.321 Loaded shared library C:\Users\acer\.vscode\extensions\redhat.java-1.54.0-win32-x64\jre\21.0.10-win32-x86_64\bin\jimage.dll
Event: 0.442 Loaded shared library c:\Users\acer\.vscode\extensions\redhat.java-1.54.0-win32-x64\jre\21.0.10-win32-x86_64\bin\verify.dll
Event: 11.580 Loaded shared library C:\Users\acer\AppData\Roaming\Code\User\globalStorage\redhat.java\1.54.0\config_win\org.eclipse.equinox.launcher\org.eclipse.equinox.launcher.win32.win32.x86_64_1.3.0.v20260203-2149\eclipse_11919.dll
Event: 21.620 Loaded shared library C:\Users\acer\AppData\Local\Temp\jna-2988111\jna15096447930713685814.dll

Deoptimization events (20 events):
Event: 34.453 Thread 0x000001e14b7e7c20 DEOPT PACKING pc=0x000001e17189222e sp=0x000000967e8fd930
Event: 34.453 Thread 0x000001e14b7e7c20 DEOPT UNPACKING pc=0x000001e1778e78e2 sp=0x000000967e8fcde8 mode 0
Event: 34.474 Thread 0x000001e14b7e7c20 DEOPT PACKING pc=0x000001e17196a472 sp=0x000000967e8fde40
Event: 34.474 Thread 0x000001e14b7e7c20 DEOPT UNPACKING pc=0x000001e1778e78e2 sp=0x000000967e8fd3b8 mode 0
Event: 34.487 Thread 0x000001e14b7e7c20 DEOPT PACKING pc=0x000001e1719f70f8 sp=0x000000967e8fd140
Event: 34.487 Thread 0x000001e14b7e7c20 DEOPT UNPACKING pc=0x000001e1778e78e2 sp=0x000000967e8fc5c8 mode 0
Event: 34.499 Thread 0x000001e14b7e7c20 DEOPT PACKING pc=0x000001e1719f70f8 sp=0x000000967e8fcbc0
Event: 34.499 Thread 0x000001e14b7e7c20 DEOPT UNPACKING pc=0x000001e1778e78e2 sp=0x000000967e8fc048 mode 0
Event: 34.502 Thread 0x000001e14b7e7c20 DEOPT PACKING pc=0x000001e17209c8e6 sp=0x000000967e8fd590
Event: 34.502 Thread 0x000001e14b7e7c20 DEOPT UNPACKING pc=0x000001e1778e78e2 sp=0x000000967e8fca50 mode 0
Event: 34.512 Thread 0x000001e14b7e7c20 DEOPT PACKING pc=0x000001e17196a472 sp=0x000000967e8fdae0
Event: 34.512 Thread 0x000001e14b7e7c20 DEOPT UNPACKING pc=0x000001e1778e78e2 sp=0x000000967e8fd058 mode 0
Event: 34.524 Thread 0x000001e14b7e7c20 DEOPT PACKING pc=0x000001e1719f70f8 sp=0x000000967e8fd310
Event: 34.524 Thread 0x000001e14b7e7c20 DEOPT UNPACKING pc=0x000001e1778e78e2 sp=0x000000967e8fc798 mode 0
Event: 34.559 Thread 0x000001e14b7e7c20 DEOPT PACKING pc=0x000001e17196a472 sp=0x000000967e8fdae0
Event: 34.559 Thread 0x000001e14b7e7c20 DEOPT UNPACKING pc=0x000001e1778e78e2 sp=0x000000967e8fd058 mode 0
Event: 34.573 Thread 0x000001e14b7e7c20 DEOPT PACKING pc=0x000001e171cffbae sp=0x000000967e8fd570
Event: 34.573 Thread 0x000001e14b7e7c20 DEOPT UNPACKING pc=0x000001e1778e78e2 sp=0x000000967e8fca10 mode 0
Event: 34.574 Thread 0x000001e14b7e7c20 DEOPT PACKING pc=0x000001e171ab4819 sp=0x000000967e8fd9e0
Event: 34.574 Thread 0x000001e14b7e7c20 DEOPT UNPACKING pc=0x000001e1778e78e2 sp=0x000000967e8fcfe0 mode 0

Classes loaded (20 events):
Event: 31.580 Loading class sun/util/resources/TimeZoneNamesBundle done
Event: 31.580 Loading class sun/util/resources/cldr/TimeZoneNames done
Event: 31.580 Loading class sun/util/resources/cldr/TimeZoneNames_en
Event: 31.585 Loading class sun/util/resources/cldr/TimeZoneNames_en done
Event: 31.585 Loading class sun/util/resources/cldr/TimeZoneNames_en_US
Event: 31.585 Loading class sun/util/resources/cldr/TimeZoneNames_en_US done
Event: 31.589 Loading class sun/util/cldr/CLDRBaseLocaleDataMetaInfo$TZCanonicalIDMapHolder
Event: 31.592 Loading class sun/util/cldr/CLDRBaseLocaleDataMetaInfo$TZCanonicalIDMapHolder done
Event: 31.594 Loading class sun/util/resources/TimeZoneNames
Event: 31.597 Loading class sun/util/resources/TimeZoneNames done
Event: 31.598 Loading class sun/util/resources/TimeZoneNames_en
Event: 31.598 Loading class sun/util/resources/TimeZoneNames_en done
Event: 32.721 Loading class sun/nio/cs/ISO_8859_1$Decoder
Event: 32.721 Loading class sun/nio/cs/ISO_8859_1$Decoder done
Event: 33.631 Loading class java/util/Collections$2
Event: 33.631 Loading class java/util/Collections$2 done
Event: 33.781 Loading class java/lang/invoke/MethodHandleImpl$CountingWrapper$1
Event: 33.782 Loading class java/lang/invoke/MethodHandleImpl$CountingWrapper$1 done
Event: 34.060 Loading class java/util/HashMap$EntrySpliterator
Event: 34.060 Loading class java/util/HashMap$EntrySpliterator done

Classes unloaded (7 events):
Event: 22.321 Thread 0x000001e16d0f5640 Unloading class 0x000001e1051a4000 'java/lang/invoke/LambdaForm$MH+0x000001e1051a4000'
Event: 22.321 Thread 0x000001e16d0f5640 Unloading class 0x000001e1051a3c00 'java/lang/invoke/LambdaForm$MH+0x000001e1051a3c00'
Event: 22.321 Thread 0x000001e16d0f5640 Unloading class 0x000001e1051a3800 'java/lang/invoke/LambdaForm$MH+0x000001e1051a3800'
Event: 22.321 Thread 0x000001e16d0f5640 Unloading class 0x000001e1051a3400 'java/lang/invoke/LambdaForm$MH+0x000001e1051a3400'
Event: 22.321 Thread 0x000001e16d0f5640 Unloading class 0x000001e1051a3000 'java/lang/invoke/LambdaForm$BMH+0x000001e1051a3000'
Event: 22.321 Thread 0x000001e16d0f5640 Unloading class 0x000001e1051a2c00 'java/lang/invoke/LambdaForm$DMH+0x000001e1051a2c00'
Event: 22.321 Thread 0x000001e16d0f5640 Unloading class 0x000001e1051a1800 'java/lang/invoke/LambdaForm$DMH+0x000001e1051a1800'

Classes redefined (0 events):
No events

Internal exceptions (20 events):
Event: 34.066 Thread 0x000001e14bf89910 Exception <a 'sun/nio/fs/WindowsException'{0x00000000d59f3588}> (0x00000000d59f3588) 
thrown [s\src\hotspot\share\prims\jni.cpp, line 520]
Event: 34.066 Thread 0x000001e14bf89910 Exception <a 'sun/nio/fs/WindowsException'{0x00000000d59f3e68}> (0x00000000d59f3e68) 
thrown [s\src\hotspot\share\prims\jni.cpp, line 520]
Event: 34.066 Thread 0x000001e14bf89910 Exception <a 'sun/nio/fs/WindowsException'{0x00000000d59f4f18}> (0x00000000d59f4f18) 
thrown [s\src\hotspot\share\prims\jni.cpp, line 520]
Event: 34.066 Thread 0x000001e14bf89910 Exception <a 'sun/nio/fs/WindowsException'{0x00000000d59f5548}> (0x00000000d59f5548) 
thrown [s\src\hotspot\share\prims\jni.cpp, line 520]
Event: 34.067 Thread 0x000001e14bf89910 Exception <a 'sun/nio/fs/WindowsException'{0x00000000d59f6010}> (0x00000000d59f6010) 
thrown [s\src\hotspot\share\prims\jni.cpp, line 520]
Event: 34.067 Thread 0x000001e14bf89910 Exception <a 'sun/nio/fs/WindowsException'{0x00000000d59f68f0}> (0x00000000d59f68f0) 
thrown [s\src\hotspot\share\prims\jni.cpp, line 520]
Event: 34.067 Thread 0x000001e14bf89910 Exception <a 'sun/nio/fs/WindowsException'{0x00000000d59f79a0}> (0x00000000d59f79a0) 
thrown [s\src\hotspot\share\prims\jni.cpp, line 520]
Event: 34.067 Thread 0x000001e14bf89910 Exception <a 'sun/nio/fs/WindowsException'{0x00000000d59f8280}> (0x00000000d59f8280) 
thrown [s\src\hotspot\share\prims\jni.cpp, line 520]
Event: 34.068 Thread 0x000001e14bf89910 Exception <a 'sun/nio/fs/WindowsException'{0x00000000d59f8f10}> (0x00000000d59f8f10) 
thrown [s\src\hotspot\share\prims\jni.cpp, line 520]
Event: 34.069 Thread 0x000001e14bf89910 Exception <a 'sun/nio/fs/WindowsException'{0x00000000d59f97f0}> (0x00000000d59f97f0) 
thrown [s\src\hotspot\share\prims\jni.cpp, line 520]
Event: 34.069 Thread 0x000001e14bf89910 Exception <a 'sun/nio/fs/WindowsException'{0x00000000d5c1dfb0}> (0x00000000d5c1dfb0) 
thrown [s\src\hotspot\share\prims\jni.cpp, line 520]
Event: 34.069 Thread 0x000001e14bf89910 Exception <a 'sun/nio/fs/WindowsException'{0x00000000d5c1e5e0}> (0x00000000d5c1e5e0) 
thrown [s\src\hotspot\share\prims\jni.cpp, line 520]
Event: 34.070 Thread 0x000001e14bf89910 Exception <a 'sun/nio/fs/WindowsException'{0x00000000d5c1fad8}> (0x00000000d5c1fad8) 
thrown [s\src\hotspot\share\prims\jni.cpp, line 520]
Event: 34.070 Thread 0x000001e14bf89910 Exception <a 'sun/nio/fs/WindowsException'{0x00000000d5c20108}> (0x00000000d5c20108) 
thrown [s\src\hotspot\share\prims\jni.cpp, line 520]
Event: 34.071 Thread 0x000001e14bf89910 Exception <a 'sun/nio/fs/WindowsException'{0x00000000d55966e8}> (0x00000000d55966e8) 
thrown [s\src\hotspot\share\prims\jni.cpp, line 520]
Event: 34.071 Thread 0x000001e14bf89910 Exception <a 'sun/nio/fs/WindowsException'{0x00000000d5596d18}> (0x00000000d5596d18) 
thrown [s\src\hotspot\share\prims\jni.cpp, line 520]
Event: 34.072 Thread 0x000001e14bf89910 Exception <a 'sun/nio/fs/WindowsException'{0x00000000d55976f8}> (0x00000000d55976f8) 
thrown [s\src\hotspot\share\prims\jni.cpp, line 520]
Event: 34.072 Thread 0x000001e14bf89910 Exception <a 'sun/nio/fs/WindowsException'{0x00000000d5597d28}> (0x00000000d5597d28) 
thrown [s\src\hotspot\share\prims\jni.cpp, line 520]
Event: 34.072 Thread 0x000001e14bf89910 Exception <a 'sun/nio/fs/WindowsException'{0x00000000d5598b28}> (0x00000000d5598b28) 
thrown [s\src\hotspot\share\prims\jni.cpp, line 520]
Event: 34.072 Thread 0x000001e14bf89910 Exception <a 'sun/nio/fs/WindowsException'{0x00000000d5599158}> (0x00000000d5599158) 
thrown [s\src\hotspot\share\prims\jni.cpp, line 520]

ZGC Phase Switch (0 events):
No events

VM Operations (20 events):
Event: 34.226 Executing safepoint VM operation: ParallelGCFailedAllocation (Allocation Failure) done
Event: 34.258 Executing non-safepoint VM operation: HandshakeAllThreads (Deoptimize)
Event: 34.258 Executing non-safepoint VM operation: HandshakeAllThreads (Deoptimize) done
Event: 34.297 Executing safepoint VM operation: ParallelGCFailedAllocation (Allocation Failure)
Event: 34.299 Executing safepoint VM operation: ParallelGCFailedAllocation (Allocation Failure) done
Event: 34.328 Executing safepoint VM operation: ParallelGCFailedAllocation (Allocation Failure)
Event: 34.330 Executing safepoint VM operation: ParallelGCFailedAllocation (Allocation Failure) done
Event: 34.378 Executing safepoint VM operation: ParallelGCFailedAllocation (Allocation Failure)
Event: 34.380 Executing safepoint VM operation: ParallelGCFailedAllocation (Allocation Failure) done
Event: 34.428 Executing safepoint VM operation: ParallelGCFailedAllocation (Allocation Failure)
Event: 34.429 Executing safepoint VM operation: ParallelGCFailedAllocation (Allocation Failure) done
Event: 34.475 Executing safepoint VM operation: ParallelGCFailedAllocation (Allocation Failure)
Event: 34.476 Executing safepoint VM operation: ParallelGCFailedAllocation (Allocation Failure) done
Event: 34.513 Executing safepoint VM operation: ParallelGCFailedAllocation (Allocation Failure)
Event: 34.514 Executing safepoint VM operation: ParallelGCFailedAllocation (Allocation Failure) done
Event: 34.557 Executing safepoint VM operation: ParallelGCFailedAllocation (Allocation Failure)
Event: 34.558 Executing safepoint VM operation: ParallelGCFailedAllocation (Allocation Failure) done
Event: 34.597 Executing safepoint VM operation: ParallelGCFailedAllocation (Allocation Failure)
Event: 34.598 Executing safepoint VM operation: ParallelGCFailedAllocation (Allocation Failure) done
Event: 35.608 Executing safepoint VM operation: Cleanup

Memory protections (0 events):
No events

Nmethod flushes (20 events):
Event: 29.413 Thread 0x000001e16d0f5640 flushing osr nmethod 0x000001e170bd3d90
Event: 29.413 Thread 0x000001e16d0f5640 flushing osr nmethod 0x000001e170c39010
Event: 29.413 Thread 0x000001e16d0f5640 flushing  nmethod 0x000001e170c55410
Event: 29.413 Thread 0x000001e16d0f5640 flushing  nmethod 0x000001e170c55c10
Event: 29.413 Thread 0x000001e16d0f5640 flushing  nmethod 0x000001e170c58e10
Event: 29.413 Thread 0x000001e16d0f5640 flushing  nmethod 0x000001e170c61b90
Event: 29.413 Thread 0x000001e16d0f5640 flushing  nmethod 0x000001e170c9da90
Event: 29.413 Thread 0x000001e16d0f5640 flushing  nmethod 0x000001e170cbe690
Event: 29.413 Thread 0x000001e16d0f5640 flushing  nmethod 0x000001e170cc1890
Event: 29.413 Thread 0x000001e16d0f5640 flushing  nmethod 0x000001e170cd3e90
Event: 29.413 Thread 0x000001e16d0f5640 flushing  nmethod 0x000001e170cd4490
Event: 29.413 Thread 0x000001e16d0f5640 flushing  nmethod 0x000001e170cd5310
Event: 29.413 Thread 0x000001e16d0f5640 flushing  nmethod 0x000001e170cd6f90
Event: 29.413 Thread 0x000001e16d0f5640 flushing  nmethod 0x000001e170ced090
Event: 29.413 Thread 0x000001e16d0f5640 flushing  nmethod 0x000001e170d05190
Event: 29.413 Thread 0x000001e16d0f5640 flushing  nmethod 0x000001e170d13c10
Event: 29.413 Thread 0x000001e16d0f5640 flushing  nmethod 0x000001e170d20510
Event: 29.413 Thread 0x000001e16d0f5640 flushing  nmethod 0x000001e170d39410
Event: 29.413 Thread 0x000001e16d0f5640 flushing  nmethod 0x000001e170d7ad90
Event: 29.413 Thread 0x000001e16d0f5640 flushing  nmethod 0x000001e170d7dc90

Events (20 events):
Event: 24.836 Thread 0x000001e14b7e4e30 Thread added: 0x000001e14b7e8fd0
Event: 24.837 Thread 0x000001e14b7e9660 Thread added: 0x000001e14b7eb0a0
Event: 24.837 Thread 0x000001e14b7e9cf0 Thread added: 0x000001e14b7e8940
Event: 24.837 Thread 0x000001e14b7e8fd0 Thread added: 0x000001e14b7eb730
Event: 24.837 Thread 0x000001e14b7eb0a0 Thread added: 0x000001e14b7ebdc0
Event: 25.541 Thread 0x000001e14bf87ed0 Thread added: 0x000001e14e3dd7f0
Event: 26.627 Thread 0x000001e14e3dd7f0 Thread exited: 0x000001e14e3dd7f0
Event: 28.387 Thread 0x000001e14d884e30 Thread exited: 0x000001e14d884e30
Event: 28.632 Thread 0x000001e146b12990 Thread added: 0x000001e14d882c20
Event: 31.223 Thread 0x000001e14b7e7c20 Thread added: 0x000001e14e166a00
Event: 32.256 Thread 0x000001e14bf89910 Thread added: 0x000001e14e1642a0
Event: 32.256 Thread 0x000001e14bf89910 Thread added: 0x000001e14e165ce0
Event: 32.257 Thread 0x000001e14bf89910 Thread added: 0x000001e14e167090
Event: 32.257 Thread 0x000001e14bf89910 Thread added: 0x000001e14e168440
Event: 32.257 Thread 0x000001e14bf89910 Thread added: 0x000001e14e167db0
Event: 33.548 Thread 0x000001e14e167db0 Thread exited: 0x000001e14e167db0
Event: 33.548 Thread 0x000001e14e167090 Thread exited: 0x000001e14e167090
Event: 33.548 Thread 0x000001e14e165ce0 Thread exited: 0x000001e14e165ce0
Event: 33.548 Thread 0x000001e14e1642a0 Thread exited: 0x000001e14e1642a0
Event: 33.548 Thread 0x000001e14e168440 Thread exited: 0x000001e14e168440


Dynamic libraries:
0x00007ff6bb0e0000 - 0x00007ff6bb0ee000 	c:\Users\acer\.vscode\extensions\redhat.java-1.54.0-win32-x64\jre\21.0.10-win32-x86_64\bin\java.exe
0x00007ff961500000 - 0x00007ff961767000 	C:\WINDOWS\SYSTEM32\ntdll.dll
0x00007ff95fa50000 - 0x00007ff95fb19000 	C:\WINDOWS\System32\KERNEL32.DLL
0x00007ff95e9a0000 - 0x00007ff95ed97000 	C:\WINDOWS\System32\KERNELBASE.dll
0x00007ff95e7a0000 - 0x00007ff95e8eb000 	C:\WINDOWS\System32\ucrtbase.dll
0x00007ff956a60000 - 0x00007ff956a78000 	c:\Users\acer\.vscode\extensions\redhat.java-1.54.0-win32-x64\jre\21.0.10-win32-x86_64\bin\jli.dll
0x00007ff94f890000 - 0x00007ff94f8ae000 	c:\Users\acer\.vscode\extensions\redhat.java-1.54.0-win32-x64\jre\21.0.10-win32-x86_64\bin\VCRUNTIME140.dll
0x00007ff9612f0000 - 0x00007ff9614b6000 	C:\WINDOWS\System32\USER32.dll
0x00007ff945880000 - 0x00007ff945b12000 	C:\WINDOWS\WinSxS\amd64_microsoft.windows.common-controls_6595b64144ccf1df_6.0.26100.8328_none_3e08182ce334b678\COMCTL32.dll
0x00007ff95ee60000 - 0x00007ff95ee87000 	C:\WINDOWS\System32\win32u.dll
0x00007ff95f770000 - 0x00007ff95f819000 	C:\WINDOWS\System32\msvcrt.dll
0x00007ff95f310000 - 0x00007ff95f33b000 	C:\WINDOWS\System32\GDI32.dll
0x00007ff95efd0000 - 0x00007ff95f0fc000 	C:\WINDOWS\System32\gdi32full.dll
0x00007ff95e8f0000 - 0x00007ff95e993000 	C:\WINDOWS\System32\msvcp_win.dll
0x00007ff960c40000 - 0x00007ff960c72000 	C:\WINDOWS\System32\IMM32.DLL
0x00007ff956930000 - 0x00007ff95693c000 	c:\Users\acer\.vscode\extensions\redhat.java-1.54.0-win32-x64\jre\21.0.10-win32-x86_64\bin\vcruntime140_1.dll
0x00007ff928c80000 - 0x00007ff928d0d000 	c:\Users\acer\.vscode\extensions\redhat.java-1.54.0-win32-x64\jre\21.0.10-win32-x86_64\bin\msvcp140.dll
0x00007ff8ae160000 - 0x00007ff8aef01000 	c:\Users\acer\.vscode\extensions\redhat.java-1.54.0-win32-x64\jre\21.0.10-win32-x86_64\bin\server\jvm.dll
0x00007ff960150000 - 0x00007ff960206000 	C:\WINDOWS\System32\ADVAPI32.dll
0x00007ff960210000 - 0x00007ff9602b7000 	C:\WINDOWS\System32\sechost.dll
0x00007ff95f4e0000 - 0x00007ff95f5f8000 	C:\WINDOWS\System32\RPCRT4.dll
0x00007ff95fb20000 - 0x00007ff95fba0000 	C:\WINDOWS\System32\WS2_32.dll
0x00007ff95cb00000 - 0x00007ff95cb5e000 	C:\WINDOWS\SYSTEM32\POWRPROF.dll
0x00007ff953900000 - 0x00007ff95390b000 	C:\WINDOWS\SYSTEM32\VERSION.dll
0x00007ff94e840000 - 0x00007ff94e876000 	C:\WINDOWS\SYSTEM32\WINMM.dll
0x00007ff95cae0000 - 0x00007ff95caf4000 	C:\WINDOWS\SYSTEM32\UMPDC.dll
0x00007ff95cdc0000 - 0x00007ff95cddb000 	C:\WINDOWS\SYSTEM32\kernel.appcore.dll
0x00007ff953ce0000 - 0x00007ff953cea000 	c:\Users\acer\.vscode\extensions\redhat.java-1.54.0-win32-x64\jre\21.0.10-win32-x86_64\bin\jimage.dll
0x00007ff95bbe0000 - 0x00007ff95be22000 	C:\WINDOWS\SYSTEM32\DBGHELP.DLL
0x00007ff95fbb0000 - 0x00007ff95ff33000 	C:\WINDOWS\System32\combase.dll
0x00007ff95f400000 - 0x00007ff95f4d9000 	C:\WINDOWS\System32\OLEAUT32.dll
0x00007ff93fbb0000 - 0x00007ff93fbeb000 	C:\WINDOWS\SYSTEM32\dbgcore.DLL
0x00007ff95ef20000 - 0x00007ff95efc8000 	C:\WINDOWS\System32\bcryptPrimitives.dll
0x00007ff954a40000 - 0x00007ff954a4f000 	c:\Users\acer\.vscode\extensions\redhat.java-1.54.0-win32-x64\jre\21.0.10-win32-x86_64\bin\instrument.dll
0x00007ff94f840000 - 0x00007ff94f860000 	c:\Users\acer\.vscode\extensions\redhat.java-1.54.0-win32-x64\jre\21.0.10-win32-x86_64\bin\java.dll
0x00007ff960350000 - 0x00007ff960abe000 	C:\WINDOWS\System32\SHELL32.dll
0x00007ff95df30000 - 0x00007ff95e79c000 	C:\WINDOWS\System32\windows.storage.dll
0x00007ff95f920000 - 0x00007ff95fa16000 	C:\WINDOWS\System32\SHCORE.dll
0x00007ff95ff40000 - 0x00007ff95ffa6000 	C:\WINDOWS\System32\shlwapi.dll
0x00007ff95de50000 - 0x00007ff95de79000 	C:\WINDOWS\SYSTEM32\profapi.dll
0x00007ff94f7c0000 - 0x00007ff94f7d8000 	c:\Users\acer\.vscode\extensions\redhat.java-1.54.0-win32-x64\jre\21.0.10-win32-x86_64\bin\zip.dll
0x00007ff954a30000 - 0x00007ff954a40000 	C:\Users\acer\.vscode\extensions\redhat.java-1.54.0-win32-x64\jre\21.0.10-win32-x86_64\bin\net.dll
0x00007ff953580000 - 0x00007ff9536a9000 	C:\WINDOWS\SYSTEM32\WINHTTP.dll
0x00007ff95d350000 - 0x00007ff95d3bc000 	C:\WINDOWS\system32\mswsock.dll
0x00007ff94f7a0000 - 0x00007ff94f7b6000 	C:\Users\acer\.vscode\extensions\redhat.java-1.54.0-win32-x64\jre\21.0.10-win32-x86_64\bin\nio.dll
0x00007ff954a20000 - 0x00007ff954a30000 	c:\Users\acer\.vscode\extensions\redhat.java-1.54.0-win32-x64\jre\21.0.10-win32-x86_64\bin\verify.dll
0x00007ff8fdce0000 - 0x00007ff8fdd25000 	C:\Users\acer\AppData\Roaming\Code\User\globalStorage\redhat.java\1.54.0\config_win\org.eclipse.equinox.launcher\org.eclipse.equinox.launcher.win32.win32.x86_64_1.3.0.v20260203-2149\eclipse_11919.dll
0x00007ff95ffb0000 - 0x00007ff960147000 	C:\WINDOWS\System32\ole32.dll
0x00007ff95d630000 - 0x00007ff95d64b000 	C:\WINDOWS\SYSTEM32\CRYPTSP.dll
0x00007ff95cd20000 - 0x00007ff95cd59000 	C:\WINDOWS\system32\rsaenh.dll
0x00007ff95d400000 - 0x00007ff95d433000 	C:\WINDOWS\SYSTEM32\USERENV.dll
0x00007ff95de20000 - 0x00007ff95de4a000 	C:\WINDOWS\SYSTEM32\bcrypt.dll
0x00007ff95d650000 - 0x00007ff95d65c000 	C:\WINDOWS\SYSTEM32\CRYPTBASE.dll
0x00007ff95c760000 - 0x00007ff95c792000 	C:\WINDOWS\SYSTEM32\IPHLPAPI.DLL
0x00007ff9602c0000 - 0x00007ff9602ca000 	C:\WINDOWS\System32\NSI.dll
0x00007ff8f2070000 - 0x00007ff8f20b9000 	C:\Users\acer\AppData\Local\Temp\jna-2988111\jna15096447930713685814.dll
0x00007ff95f650000 - 0x00007ff95f658000 	C:\WINDOWS\System32\PSAPI.DLL
0x00007ff953920000 - 0x00007ff95393d000 	C:\WINDOWS\SYSTEM32\dhcpcsvc6.DLL
0x00007ff953550000 - 0x00007ff953575000 	C:\WINDOWS\SYSTEM32\dhcpcsvc.DLL

JVMTI agents:
c:\Users\acer\.vscode\extensions\redhat.java-1.54.0-win32-x64\lombok\lombok-1.18.39-4050.jar path:c:\Users\acer\.vscode\extensions\redhat.java-1.54.0-win32-x64\jre\21.0.10-win32-x86_64\bin\instrument.dll, loaded, initialized, instrumentlib options:none

dbghelp: loaded successfully - version: 4.0.5 - missing functions: none
symbol engine: initialized successfully - sym options: 0x614 - pdb path: .;c:\Users\acer\.vscode\extensions\redhat.java-1.54.0-win32-x64\jre\21.0.10-win32-x86_64\bin;C:\WINDOWS\SYSTEM32;C:\WINDOWS\WinSxS\amd64_microsoft.windows.common-controls_6595b64144ccf1df_6.0.26100.8328_none_3e08182ce334b678;c:\Users\acer\.vscode\extensions\redhat.java-1.54.0-win32-x64\jre\21.0.10-win32-x86_64\bin\server;C:\Users\acer\AppData\Roaming\Code\User\globalStorage\redhat.java\1.54.0\config_win\org.eclipse.equinox.launcher\org.eclipse.equinox.launcher.win32.win32.x86_64_1.3.0.v20260203-2149;C:\Users\acer\AppData\Local\Temp\jna-2988111

VM Arguments:
jvm_args: --add-modules=ALL-SYSTEM --add-opens=java.base/java.util=ALL-UNNAMED --add-opens=java.base/java.lang=ALL-UNNAMED --add-opens=java.base/sun.nio.fs=ALL-UNNAMED -Declipse.application=org.eclipse.jdt.ls.core.id1 -Dosgi.bundles.defaultStartLevel=4 -Declipse.product=org.eclipse.jdt.ls.core.product -Djava.import.generatesMetadataFilesAtProjectRoot=false -DDetectVMInstallationsJob.disabled=true -Dfile.encoding=utf8 -XX:+UseParallelGC -XX:GCTimeRatio=4 -XX:AdaptiveSizePolicyWeight=90 -Dsun.zip.disableMemoryMapping=true -Xmx2G -Xms100m -Xlog:disable -javaagent:c:\Users\acer\.vscode\extensions\redhat.java-1.54.0-win32-x64\lombok\lombok-1.18.39-4050.jar -XX:+HeapDumpOnOutOfMemoryError -XX:HeapDumpPath=c:\Users\acer\AppData\Roaming\Code\User\workspaceStorage\d1e1dfd78d1a576ef8a89ceae264be27\redhat.java -Daether.dependencyCollector.impl=bf 
java_command: c:\Users\acer\.vscode\extensions\redhat.java-1.54.0-win32-x64\server\plugins\org.eclipse.equinox.launcher_1.7.100.v20251111-0406.jar -configuration c:\Users\acer\AppData\Roaming\Code\User\globalStorage\redhat.java\1.54.0\config_win -data c:\Users\acer\AppData\Roaming\Code\User\workspaceStorage\d1e1dfd78d1a576ef8a89ceae264be27\redhat.java\jdt_ws --pipe=\\.\pipe\lsp-b2bd7bd379da8cef25c64c984796eeef-sock
java_class_path (initial): c:\Users\acer\.vscode\extensions\redhat.java-1.54.0-win32-x64\server\plugins\org.eclipse.equinox.launcher_1.7.100.v20251111-0406.jar
Launcher Type: SUN_STANDARD

[Global flags]
    uintx AdaptiveSizePolicyWeight                 = 90                                        {product} {command line}
     intx CICompilerCount                          = 4                                         {product} {ergonomic}
    uintx GCTimeRatio                              = 4                                         {product} {command line}
     bool HeapDumpOnOutOfMemoryError               = true                                   {manageable} {command line}
    ccstr HeapDumpPath                             = c:\Users\acer\AppData\Roaming\Code\User\workspaceStorage\d1e1dfd78d1a576ef8a89ceae264be27\redhat.java         {manageable} {command line}
   size_t InitialHeapSize                          = 104857600                                 {product} {command line}
   size_t MaxHeapSize                              = 2147483648                                {product} {command line}
   size_t MaxNewSize                               = 715653120                                 {product} {ergonomic}
   size_t MinHeapDeltaBytes                        = 524288                                    {product} {ergonomic}
   size_t MinHeapSize                              = 104857600                                 {product} {command line}
   size_t NewSize                                  = 34603008                                  {product} {ergonomic}
    uintx NonNMethodCodeHeapSize                   = 5839372                                {pd product} {ergonomic}
    uintx NonProfiledCodeHeapSize                  = 122909434                              {pd product} {ergonomic}
   size_t OldSize                                  = 70254592                                  {product} {ergonomic}
    uintx ProfiledCodeHeapSize                     = 122909434                              {pd product} {ergonomic}
    uintx ReservedCodeCacheSize                    = 251658240                              {pd product} {ergonomic}
     bool SegmentedCodeCache                       = true                                      {product} {ergonomic}
   size_t SoftMaxHeapSize                          = 2147483648                             {manageable} {ergonomic}
     bool UseCompressedOops                        = true                           {product lp64_product} {ergonomic}
     bool UseLargePagesIndividualAllocation        = false                                  {pd product} {ergonomic}
     bool UseParallelGC                            = true                                      {product} {command line}

Logging:
Log output configuration:
 #0: stdout all=off uptime,level,tags foldmultilines=false
 #1: stderr all=off uptime,level,tags foldmultilines=false

Release file:
JAVA_VERSION="21.0.10" 
MODULES="java.base java.compiler java.datatransfer java.xml java.prefs java.desktop java.instrument java.logging java.management java.security.sasl java.naming java.rmi java.management.rmi java.net.http java.scripting java.security.jgss java.transaction.xa java.sql java.sql.rowset java.xml.crypto java.se java.smartcardio jdk.accessibility jdk.internal.jvmstat jdk.attach jdk.charsets jdk.internal.opt jdk.zipfs jdk.compiler jdk.crypto.ec jdk.crypto.cryptoki jdk.crypto.mscapi jdk.dynalink jdk.internal.ed jdk.editpad jdk.hotspot.agent jdk.httpserver jdk.internal.le jdk.internal.vm.ci jdk.internal.vm.compiler jdk.internal.vm.compiler.management jdk.jartool jdk.javadoc jdk.jcmd jdk.management jdk.management.agent jdk.jconsole jdk.jdeps jdk.jdwp.agent jdk.jdi jdk.jfr jdk.jshell jdk.jsobject jdk.jstatd jdk.localedata jdk.management.jfr jdk.naming.dns jdk.naming.rmi jdk.net jdk.nio.mapmode jdk.random jdk.sctp jdk.security.auth jdk.security.jgss jdk.unsupported jdk.unsupported.desktop jdk.xml.dom" 

Environment Variables:
JAVA_HOME=C:\Program Files\Java\jdk-22
PATH=C:\Users\acer\AppData\Local\Programs\Microsoft VS Code;C:\ProgramData\chocolatey\bin;C:\ProgramData\chocolatey\bin;C:\ProgramData\chocolatey\bin;C:\WINDOWS\System32;C:\Program Files\Git\cmd;C:\Program Files\Docker\Docker\resources\bin;C:\Program Files\Git\cmd;C:\Program Files\Docker\Docker\resources\bin;C:\Program Files\Git\cmd;C:\Program Files\Docker\Docker\resources\bin;C:\Users\acer\Anaconda3;C:\Users\acer\Anaconda3\Library\mingw-w64\bin;C:\Users\acer\Anaconda3\Library\usr\bin;C:\Users\acer\Anaconda3\Library\bin;C:\Users\acer\Anaconda3\Scripts;C:\Users\acer\AppData\Local\Microsoft\WindowsApps;C:\Users\acer\AppData\Local\Programs\Microsoft VS Code\bin;C:\Program Files\Azure Data Studio\bin;C:\Users\acer\AppData\Local\Programs\mongosh\;C:\Program Files\nodejs\;;C:\Program Files\JetBrains\IntelliJ IDEA 2024.1.7\bin;;C:\Users\acer\AppData\Roaming\npm;C:\Users\acer\.dotnet\tools;C:\Users\acer\AppData\Local\Programs\Antigravity\bin
USERNAME=acer
OS=Windows_NT
PROCESSOR_IDENTIFIER=Intel64 Family 6 Model 141 Stepping 1, GenuineIntel
TMP=C:\Users\acer\AppData\Local\Temp
TEMP=C:\Users\acer\AppData\Local\Temp




Periodic native trim disabled

---------------  S Y S T E M  ---------------

OS:
 Windows 11 , 64 bit Build 26100 (10.0.26100.8328)
OS uptime: 0 days 2:32 hours
Hyper-V role detected

CPU: total 12 (initial active 12) (6 cores per cpu, 2 threads per core) family 6 model 141 stepping 1 microcode 0x3c, cx8, cmov, fxsr, ht, mmx, 3dnowpref, sse, sse2, sse3, ssse3, sse4.1, sse4.2, popcnt, lzcnt, tsc, tscinvbit, avx, avx2, aes, erms, clmul, bmi1, bmi2, adx, avx512f, avx512dq, avx512cd, avx512bw, avx512vl, sha, fma, vzeroupper, avx512_vpopcntdq, avx512_vpclmulqdq, avx512_vaes, avx512_vnni, clflush, clflushopt, clwb, avx512_vbmi2, avx512_vbmi, hv, rdtscp, rdpid, fsrm, gfni, avx512_bitalg, f16c, cet_ibt, cet_ss, avx512_ifma
Processor Information for the first 12 processors :
  Max Mhz: 2688, Current Mhz: 2688, Mhz Limit: 2688

Memory: 4k page, system-wide physical 16163M (672M free)
TotalPageFile size 26806M (AvailPageFile size 5M)
current process WorkingSet (physical memory assigned to process): 456M, peak: 462M
current process commit charge ("private bytes"): 532M, peak: 537M

vm_info: OpenJDK 64-Bit Server VM (21.0.10+7-LTS) for windows-amd64 JRE (21.0.10+7-LTS), built on 2026-01-20T00:00:00Z by "admin" with MS VC++ 17.12 (VS2022)

END.
